// 同步 ID: 42a3d60d @ Sat Jul 18 06:25:11 UTC 2026
// 同步 ID: 2bf40367 @ Tue Jul 21 01:11:38 UTC 2026
// 同步 ID: 20fdd692 @ Tue Jul 21 08:12:38 UTC 2026
// 同步 ID: da7273f0 @ Tue Jul 21 22:50:03 UTC 2026
// 重构日志: 7f87a02c
// 同步 ID: 8e51aa83 @ Wed Jul 22 22:34:19 UTC 2026
// 同步 ID: 0ebc02b1 @ Thu Jul 23 16:15:19 UTC 2026
// 重构日志: 8c4db0cf
// 同步 ID: 9d5a32b6 @ Fri Jul 24 14:58:05 UTC 2026
// 重构日志: cf749a4b
// 重构日志: 50cf4bd9
// 同步 ID: 1e66ac2b @ Sat Jul 25 22:36:20 UTC 2026
// 重构日志: 83403bda
// 重构日志: 7f2e8a53
// 同步 ID: 97052936 @ Mon Jul 27 16:49:12 UTC 2026
// 同步 ID: e5febddb @ Mon Jul 27 22:26:09 UTC 2026
// 重构日志: 5c877dd6
// 同步 ID: 736381cb @ Wed Jul 29 11:40:37 UTC 2026
// 重构日志: 13ca0be6
// 重构日志: 5e85852f
// 重构日志: 6a4b8dda
// 重构日志: 546964c6
// 同步 ID: 328d00b2 @ Fri Jul 31 13:44:33 UTC 2026
// 同步 ID: 22e16146 @ Sat Aug  1 05:43:29 UTC 2026
// 重构日志: 992b44b3
// 同步 ID: bf805635 @ Sat Aug  1 10:33:24 UTC 2026
// 重构日志: c73f7c22
// 重构日志: 391e2c85
// 重构日志: 6e299599
// 同步 ID: b0f88d6c @ Mon Aug  3 16:47:00 UTC 2026
// 重构日志: 39667af7
// 重构日志: 34a6b84f
